{
  "results_by_regime": {
    "paroquant_w4a16": {
      "bootstrap_ci95": {
        "ci95_high": 0.6365749176786956,
        "ci95_low": 0.0019296784793416677
      },
      "included_trace_count": 12,
      "mean_recovery": 0.21265687817628215,
      "median_recovery": 0.3898194338496461,
      "no_recoverable_static_gap_count": 0,
      "no_recoverable_static_gap_fraction": 0.0,
      "per_trace_recovery_included": [
        -1.6102790408745657,
        0.6278915137036594,
        0.4959039303537114,
        -0.1996918355250623,
        -0.2776452878836435,
        0.2879068214176125,
        0.3930161643760297,
        0.9050341754170388,
        0.20355119248374565,
        0.6943138796698658,
        0.38662270332326254,
        0.6452583216537318
      ],
      "total_trace_count": 12
    }
  },
  "run_dir": "/workspace/LatentWire/experimental/outlier_migrate/phase9/results/om_driftrot_falcon_clip_tight_20260528T2343Z"
}
{
  "artifact_complete": true,
  "checker_decision": "PASS_V1_PAROQUANT_FALCON_ROTATION_RESCUE"
}
