{
  "results_by_regime": {
    "paroquant_w4a16": {
      "bootstrap_ci95": {
        "ci95_high": 1.003769554323054,
        "ci95_low": 0.4770444524050311
      },
      "included_trace_count": 8,
      "mean_recovery": -2.5318414789456445,
      "median_recovery": 0.7537768488911776,
      "no_recoverable_static_gap_count": 4,
      "no_recoverable_static_gap_fraction": 0.3333333333333333,
      "per_trace_recovery_included": [
        1.5665998401790793,
        0.4770444524050311,
        -26.3711874060621,
        0.9974962856466989,
        0.5639917441607243,
        0.7918488316283542,
        1.003769554323054,
        0.7157048661540011
      ],
      "total_trace_count": 12
    }
  },
  "run_dir": "/workspace/LatentWire/experimental/outlier_migrate/phase9/results/om_paroquant_granite_small_20260520T1555Z"
}
{
  "artifact_complete": true,
  "checker_decision": "PASS_PAROQUANT_BASELINE_REPORTED"
}
