{
  "results_by_regime": {
    "driftrot_residual_w4a16": {
      "bootstrap_ci95": {
        "ci95_high": -12.293656857340855,
        "ci95_low": -12.293656857340855
      },
      "included_trace_count": 1,
      "mean_recovery": -12.293656857340855,
      "median_recovery": -12.293656857340855,
      "no_recoverable_static_gap_count": 0,
      "no_recoverable_static_gap_fraction": 0.0,
      "per_trace_recovery_included": [
        -12.293656857340855
      ],
      "reference_margin_mean": -18.233280432605234,
      "reference_margin_median": -18.233280432605234,
      "total_trace_count": 1
    }
  },
  "run_dir": "/workspace/LatentWire/experimental/outlier_migrate/phase9/results/om_driftrot_residual_granite_tail4_diag_fixed_20260528T2116Z"
}
