{
  "results_by_regime": {
    "paroquant_w4a16": {
      "bootstrap_ci95": {
        "ci95_high": 5.939623575264381,
        "ci95_low": 0.6006560711988609
      },
      "included_trace_count": 4,
      "mean_recovery": 2.0853502078482533,
      "median_recovery": 0.900560592464886,
      "no_recoverable_static_gap_count": 0,
      "no_recoverable_static_gap_fraction": 0.0,
      "per_trace_recovery_included": [
        5.939623575264381,
        0.6006560711988609,
        1.0203295946773652,
        0.7807915902524067
      ],
      "total_trace_count": 4
    }
  },
  "run_dir": "/workspace/LatentWire/experimental/outlier_migrate/phase9/results/om_driftrot_granite_clip_tight_confirmation_20260528T1735Z"
}
